[  0.001] ==== check at 2026-10-08 15:00:36, application pid 679111, gmux base 0x700
[  0.013] check: bus=de10 module=on driver_frozen=0 nvidia=running [0000:01:00.0 nvidia online; 0000:01:00.1 snd_hda_intel online]
[  0.052] check: daemon: 0000:01:00.0  state=attached  backend=zss-kmod  removal=not supported  wake=yes  iommu=no | pid 1068    Xorg             display-server | pid 264066  nvidia-persiste  non-migratable: not started under the ZSS layer | pid 679111  chromium         migratable
[  0.065] check: application: alive, state S, holds ['/dev/dri/card1', '/dev/dri/renderD128', '/dev/dri/renderD129', '/dev/nvidia-modeset', '/dev/nvidia0', '/dev/nvidiactl']
[  0.084] check: X server: answers
[  0.123] READY: everything is in place
[  0.000] ==== cut at 2026-10-08 15:00:48, application pid 679111, gmux base 0x700
[  0.013] before: bus=de10 module=on driver_frozen=0 nvidia=running [0000:01:00.0 nvidia online; 0000:01:00.1 snd_hda_intel online]
[  0.051] before: daemon: 0000:01:00.0  state=attached  backend=zss-kmod  removal=not supported  wake=yes  iommu=no | pid 1068    Xorg             display-server | pid 264066  nvidia-persiste  non-migratable: not started under the ZSS layer | pid 679111  chromium         migratable
[  0.064] before: application: alive, state R, holds ['/dev/dri/card1', '/dev/dri/renderD128', '/dev/dri/renderD129', '/dev/nvidia-modeset', '/dev/nvidia0', '/dev/nvidiactl']
[  0.080] before: X server: answers
[  0.092] CUTTING the discrete GPU's power rail now, with its driver running and nothing warned
[  0.204] the kernel module reported the loss 101 ms after the cut
[  0.337] + 0.21s: bus=ffff module=lost driver_frozen=1 nvidia=frozen [0000:01:00.0 nvidia offline; 0000:01:00.1 snd_hda_intel offline]
[  0.374] + 0.21s: daemon: 0000:01:00.0  state=lost  backend=zss-kmod  removal=not supported  wake=yes  driver=frozen  iommu=no | pid 1068    Xorg             stale: holds a handle to a device that is gone | pid 679111  chromium         migratable
[  0.386] + 0.21s: application: alive, state S, holds ['/dev/dri/card1', '/dev/dri/renderD128', '/dev/dri/renderD129', '/dev/nvidia-modeset', '/dev/nvidia0', '/dev/nvidiactl']
[  2.400] + 0.21s: X server: NO ANSWER in 2 s
[  2.411] + 0.21s: kernel: NVRM: ZSS: frozen; nothing was asked of the device
[  2.423] + 0.21s: kernel: zss: 0000:01:00.0: lost (stopped answering, driver frozen)
[  2.756] + 2.65s: bus=ffff module=lost driver_frozen=1 nvidia=frozen [0000:01:00.0 nvidia offline; 0000:01:00.1 snd_hda_intel offline]
[  2.787] + 2.65s: daemon: 0000:01:00.0  state=lost  backend=zss-kmod  removal=not supported  wake=yes  driver=frozen  iommu=no | pid 1068    Xorg             stale: holds a handle to a device that is gone | pid 679111  chromium         migratable
[  2.800] + 2.65s: application: alive, state S, holds ['/dev/dri/card1', '/dev/dri/renderD128', '/dev/dri/renderD129', '/dev/nvidia-modeset', '/dev/nvidia0', '/dev/nvidiactl']
[  4.815] + 2.65s: X server: NO ANSWER in 2 s
[  5.408] + 5.27s: bus=ffff module=lost driver_frozen=1 nvidia=frozen [0000:01:00.0 nvidia offline; 0000:01:00.1 snd_hda_intel offline]
[  5.441] + 5.27s: daemon: 0000:01:00.0  state=lost  backend=zss-kmod  removal=not supported  wake=yes  driver=frozen  iommu=no | pid 1068    Xorg             stale: holds a handle to a device that is gone | pid 679111  chromium         migratable
[  5.460] + 5.27s: application: alive, state S, holds ['/dev/dri/card1', '/dev/dri/renderD128', '/dev/dri/renderD129', '/dev/nvidia-modeset', '/dev/nvidia0', '/dev/nvidiactl']
[  7.489] + 5.27s: X server: NO ANSWER in 2 s
[  9.543] + 9.42s: bus=ffff module=lost driver_frozen=1 nvidia=frozen [0000:01:00.0 nvidia offline; 0000:01:00.1 snd_hda_intel offline]
[  9.575] + 9.42s: daemon: 0000:01:00.0  state=lost  backend=zss-kmod  removal=not supported  wake=yes  driver=frozen  iommu=no | pid 1068    Xorg             stale: holds a handle to a device that is gone | pid 679111  chromium         migratable
[  9.587] + 9.42s: application: alive, state S, holds ['/dev/dri/card1', '/dev/dri/renderD128', '/dev/dri/renderD129', '/dev/nvidia-modeset', '/dev/nvidia0', '/dev/nvidiactl']
[ 11.603] + 9.42s: X server: NO ANSWER in 2 s
[ 14.689] +14.55s: bus=ffff module=lost driver_frozen=1 nvidia=frozen [0000:01:00.0 nvidia offline; 0000:01:00.1 snd_hda_intel offline]
[ 14.722] +14.55s: daemon: 0000:01:00.0  state=lost  backend=zss-kmod  removal=not supported  wake=yes  driver=frozen  iommu=no | pid 1068    Xorg             stale: holds a handle to a device that is gone | pid 679111  chromium         migratable
[ 14.734] +14.55s: application: alive, state S, holds ['/dev/dri/card1', '/dev/dri/renderD128', '/dev/dri/renderD129', '/dev/nvidia-modeset', '/dev/nvidia0', '/dev/nvidiactl']
[ 16.749] +14.55s: X server: NO ANSWER in 2 s
[ 21.867] +21.74s: bus=ffff module=lost driver_frozen=1 nvidia=frozen [0000:01:00.0 nvidia offline; 0000:01:00.1 snd_hda_intel offline]
[ 21.899] +21.74s: daemon: 0000:01:00.0  state=lost  backend=zss-kmod  removal=not supported  wake=yes  driver=frozen  iommu=no | pid 1068    Xorg             stale: holds a handle to a device that is gone | pid 679111  chromium         migratable
[ 21.912] +21.74s: application: alive, state S, holds ['/dev/dri/card1', '/dev/dri/renderD128', '/dev/dri/renderD129', '/dev/nvidia-modeset', '/dev/nvidia0', '/dev/nvidiactl']
[ 23.927] +21.74s: X server: NO ANSWER in 2 s
[ 29.055] +28.93s: bus=ffff module=lost driver_frozen=1 nvidia=frozen [0000:01:00.0 nvidia offline; 0000:01:00.1 snd_hda_intel offline]
[ 29.087] +28.93s: daemon: 0000:01:00.0  state=lost  backend=zss-kmod  removal=not supported  wake=yes  driver=frozen  iommu=no | pid 1068    Xorg             stale: holds a handle to a device that is gone | pid 679111  chromium         migratable
[ 29.099] +28.93s: application: alive, state Z, holds no GPU node
[ 31.114] +28.93s: X server: NO ANSWER in 2 s
[ 31.126] observation over; the rail is still OFF and nothing was restored
[ 33.142] summary: loss seen by the module after 0.10069394111633301, application moved after None, application alive, state Z, holds no GPU node, X NO ANSWER in 2 s
