zss-run: starting chromium on the dedicated GPU (GPUs only for now); it is built on Chromium, so it is told to draw through Vulkan
MESA-INTEL: warning: Ivy Bridge Vulkan support is incomplete
[zss] opened driver libvulkan_intel_hasvk.so
[zss] closed driver libvulkan_intel_hasvk.so
[zss] opened driver libvulkan_intel.so
[zss] closed driver libvulkan_intel.so
[zss] opened driver libvulkan_lvp.so
[zss] closed driver libvulkan_lvp.so
[zss] opened driver libvulkan_nouveau.so
[zss] closed driver libvulkan_nouveau.so
[zss] opened driver libGLX_nvidia.so.0
[zss] closed driver libGLX_nvidia.so.0
[zss] opened driver libvulkan_radeon.so
[zss] closed driver libvulkan_radeon.so
[zss] gpu 0: NVIDIA GeForce GT 650M pci=0000:01:00.0 driver=libGLX_nvidia.so.0
[zss] gpu 1: Intel(R) HD Graphics 4000 (IVB GT2) pci=0000:00:02.0 driver=libvulkan_intel_hasvk.so
[zss] gpu 2: llvmpipe (LLVM 22.1.8, 256 bits) pci=- driver=libvulkan_lvp.so
[zss] profile of NVIDIA GeForce GT 650M: portable, 2 GPU(s) in its group, 7 core feature(s) withheld
[zss] profile of Intel(R) HD Graphics 4000 (IVB GT2): portable, 2 GPU(s) in its group, 0 core feature(s) withheld
[zss] profile of llvmpipe (LLVM 22.1.8, 256 bits): portable, 3 GPU(s) in its group, 14 core feature(s) withheld
[zss] starting on NVIDIA GeForce GT 650M (0000:01:00.0)
[zss] opened driver libGLX_nvidia.so.0
[zss] device created on NVIDIA GeForce GT 650M (3 extension(s) beyond the swapchain)
[zss] device created on NVIDIA GeForce GT 650M (0 extension(s) beyond the swapchain)
MESA-INTEL: warning: Ivy Bridge Vulkan support is incomplete
[zss] opened driver libvulkan_intel_hasvk.so
[20311:20399:1008/151508.610564:ERROR:google_apis/gcm/engine/registration_request.cc:291] Registration response error message: PHONE_REGISTRATION_ERROR
[20311:20399:1008/151508.613793:ERROR:google_apis/gcm/engine/registration_request.cc:291] Registration response error message: PHONE_REGISTRATION_ERROR
[20311:20399:1008/151508.614260:ERROR:google_apis/gcm/engine/registration_request.cc:291] Registration response error message: PHONE_REGISTRATION_ERROR
[20311:20399:1008/151508.865061:ERROR:google_apis/gcm/engine/mcs_client.cc:702]   Error code: 401  Error message: Authentication Failed: wrong_secret
[20311:20399:1008/151508.865235:ERROR:google_apis/gcm/engine/mcs_client.cc:704] Failed to log in to GCM, resetting connection.
[zss] cut 1 connection(s) of the lost device's driver to the display server
