[27045.783362]  vfs_write+0xe6/0x560
[27045.783367]  ? do_anonymous_page+0x10b/0x8b0
[27045.783370]  ksys_write+0x7b/0x110
[27045.783373]  do_syscall_64+0xaa/0x660
[27045.783378]  ? count_memcg_events+0xc5/0x180
[27045.783382]  ? handle_mm_fault+0x1e5/0x2c0
[27045.783385]  ? do_user_addr_fault+0x23b/0x730
[27045.783389]  ? do_syscall_64+0x5f/0x660
[27045.783391]  ? exc_page_fault+0x90/0x1e0
[27045.783395]  entry_SYSCALL_64_after_hwframe+0x76/0x7e
[27045.783398] RIP: 0033:0x7f9d86312768
[27045.783418] Code: ae 65 10 00 64 89 10 48 c7 c2 ff ff ff ff c9 48 89 d0 c3 0f 1f 80 00 00 00 00 45 31 c9 45 31 c0 45 31 d2 b8 01 00 00 00 0f 05 <48> 89 c2 48 3d 00 f0 ff ff 77 0d c9 48 89 d0 c3 0f 1f 84 00 00 00
[27045.783420] RSP: 002b:00007fff2bd62f70 EFLAGS: 00000246 ORIG_RAX: 0000000000000001
[27045.783422] RAX: ffffffffffffffda RBX: 00007f9d8641a580 RCX: 00007f9d86312768
[27045.783423] RDX: 0000000000000002 RSI: 0000560bf18abf30 RDI: 0000000000000001
[27045.783424] RBP: 00007fff2bd62f80 R08: 0000000000000000 R09: 0000000000000000
[27045.783425] R10: 0000000000000000 R11: 0000000000000246 R12: 0000000000000002
[27045.783426] R13: 0000000000000002 R14: 0000560bf18abf30 R15: 0000000000000000
[27045.783429]  </TASK>
[27045.783430] Sending NMI from CPU 5 to CPUs 0-4,6-7:
[27045.783465] NMI backtrace for cpu 0 skipped: idling at intel_idle+0x57/0x90
[27045.783540] NMI backtrace for cpu 1 skipped: idling at intel_idle+0x57/0x90
[27045.783663] NMI backtrace for cpu 2 skipped: idling at intel_idle+0x57/0x90
[27045.783740] NMI backtrace for cpu 3
[27045.783744] CPU: 3 UID: 0 PID: 31771 Comm: zssd Tainted: P S   U  W  OE       7.2.2-arch1-1 #1 PREEMPT(full)  70cafcc72f1a85ebc84b5fa5ee0162a0ffe33cb4
[27045.783748] Tainted: [P]=PROPRIETARY_MODULE, [S]=CPU_OUT_OF_SPEC, [U]=USER, [W]=WARN, [O]=OOT_MODULE, [E]=UNSIGNED_MODULE
[27045.783749] Hardware name: Apple Inc. MacBookPro9,1/Mac-4B7AC7E43945597E, BIOS 429.0.0.0.0 03/18/2022
[27045.783750] RIP: 0010:ktime_get_real_ts64+0x48/0x1a0
[27045.783754] Code: 44 8b 0d bb 01 11 03 41 f6 c1 01 0f 85 fb 00 00 00 48 8b 05 ea 01 11 03 49 89 00 48 8b 3d a8 01 11 03 0f 1f 44 00 00 0f 01 f9 <66> 90 48 89 d1 48 c1 e1 20 48 09 c1 48 8b 05 95 01 11 03 48 8b 15
[27045.783755] RSP: 0018:ffffd18f89407c18 EFLAGS: 00000246
[27045.783757] RAX: 000000005ffeab0e RBX: 0000000000000007 RCX: 0000000000000003
[27045.783758] RDX: 000000000000387d RSI: 0000000000000287 RDI: ffffffff9e42e240
[27045.783759] RBP: 000000006ac8fc08 R08: ffffd18f89407c30 R09: 0000000002ead9c2
[27045.783760] R10: 00000000000000dd R11: ffff8cab8b030000 R12: ffff8cac197eb000
[27045.783761] R13: ffffffffc1e6a588 R14: 0000000016f98155 R15: 0000000000000000
[27045.783763] FS:  00007f58c73d3740(0000) GS:ffff8cae801ee000(0000) knlGS:0000000000000000
[27045.783764] CS:  0010 DS: 0000 ES: 0000 CR0: 0000000080050033
[27045.783765] CR2: 00007f6e0f750000 CR3: 0000000293d52004 CR4: 00000000001726f0
[27045.783766] Call Trace:
[27045.783767]  <TASK>
[27045.783771]  os_delay+0x10c/0x280 [nvidia 533572a6cf137cb5164692c62f1e9cff37323bed]
[27045.784112]  ? nv_pci_remove+0x1c3/0x460 [nvidia 533572a6cf137cb5164692c62f1e9cff37323bed]
[27045.784430]  ? pci_device_remove+0x4a/0xb0
[27045.784436]  ? device_release_driver_internal+0x19e/0x200
[27045.784441]  ? unbind_store+0xa4/0xb0
[27045.784444]  ? kernfs_fop_write_iter+0x16b/0x210
[27045.784448]  ? vfs_write+0x281/0x560
[27045.784453]  ? ksys_write+0x7b/0x110
[27045.784457]  ? do_syscall_64+0xaa/0x660
[27045.784460]  ? do_syscall_64+0xaa/0x660
[27045.784464]  ? ksys_write+0xcf/0x110
[27045.784467]  ? do_syscall_64+0xaa/0x660
[27045.784471]  ? do_syscall_64+0xaa/0x660
[27045.784474]  ? do_syscall_64+0xaa/0x660
[27045.784477]  ? do_syscall_64+0x5f/0x660
[27045.784480]  ? entry_SYSCALL_64_after_hwframe+0x76/0x7e
[27045.784485]  </TASK>
[27045.784486] NMI backtrace for cpu 7 skipped: idling at intel_idle+0x57/0x90
[27045.784492] NMI backtrace for cpu 6 skipped: idling at intel_idle+0x57/0x90
[27045.784498] NMI backtrace for cpu 4 skipped: idling at intel_idle+0x57/0x90
